Microchip MPLAB XC8 Compiler V1.41 ()

Linker command line:

-W-3 --edf=C:\Program Files (x86)\Microchip\xc8\v1.41\dat\en_msgs.txt -cs \
  -h+dist/default/production\pruebaProy.X.production.sym \
  --cmf=dist/default/production\pruebaProy.X.production.cmf -z -Q18F4550 \
  -oC:\Users\stive\AppData\Local\Temp\sd0g.2 \
  -Mdist/default/production/pruebaProy.X.production.map -E1 -ver=XC8 \
  --acfsm=1493 -ASTACK=0C4h-07ffh -pstack=STACK -ACODE=00h-07FFFh \
  -ACONST=00h-07FFFh -ASMALLCONST=0800h-08FFhx120 \
  -AMEDIUMCONST=0800h-07FFFh -ACOMRAM=01h-05Fh -AABS1=00h-07FFh \
  -ABIGRAM=01h-07FFh -ARAM=060h-0FFh,0100h-01FFhx7 -ABANK0=060h-0FFh \
  -ABANK1=0100h-01FFh -ABANK2=0200h-02FFh -ABANK3=0300h-03FFh \
  -ABANK4=0400h-04FFh -ABANK5=0500h-05FFh -ABANK6=0600h-06FFh \
  -ABANK7=0700h-07FFh -ASFR=0F60h-0FFFh \
  -preset_vec=00h,intcode,intcodelo,powerup,init -pramtop=0800h \
  -psmallconst=SMALLCONST -pmediumconst=MEDIUMCONST -pconst=CONST \
  -AFARRAM=00h-00h -ACONFIG=0300000h-030000Dh -pconfig=CONFIG \
  -AIDLOC=0200000h-0200007h -pidloc=IDLOC -AEEDATA=0F00000h-0F000FFh \
  -peeprom_data=EEDATA \
  -prdata=COMRAM,nvrram=COMRAM,nvbit=COMRAM,rbss=COMRAM,rbit=COMRAM \
  -pfarbss=FARRAM,fardata=FARRAM,nvFARRAM=FARRAM \
  -pintsave_regs=BIGRAM,bigbss=BIGRAM,bigdata=BIGRAM -pbss=RAM \
  -pidata=CODE,irdata=CODE,ibigdata=CODE,ifardata=CODE -prparam=COMRAM \
  C:\Users\stive\AppData\Local\Temp\sd0g.obj \
  dist/default/production\pruebaProy.X.production.obj 

Object code version is 3.11

Machine type is 18F4550

Call graph: (short form)




                Name                               Link     Load   Length Selector   Space Scale
C:\Users\stive\AppData\Local\Temp\sd0g.obj
                init                                  0        0        4        0       0
                idloc                            200000   200000        8   200000       0
                config                           300000   300000        E   300000       0
dist/default/production\pruebaProy.X.production.obj
                smallconst                          800      800       3A      400       0
                text24                             1FFE     1FFE       12      41D       0
                text23                             1E30     1E30       44      41D       0
                text22                             1AF4     1AF4       90      41D       0
                text21                             1F6E     1F6E       20      41D       0
                text20                             1DDE     1DDE       52      41D       0
                text19                             1D04     1D04       74      41D       0
                text18                             1FCA     1FCA       1E      41D       0
                text17                             1EF6     1EF6       40      41D       0
                text16                             1FAC     1FAC       1E      41D       0
                text15                             1D78     1D78       66      41D       0
                text14                             19C6     19C6       9A      41D       0
                text13                              83A      83A      586      41D       0
                text12                              DC0      DC0      41C      41D       0
                text11                             1874     1874      152      41D       0
                text10                             168E     168E      1E6      41D       0
                text9                              1A60     1A60       94      41D       0
                text8                              1F8E     1F8E       1E      41D       0
                text7                              1F36     1F36       38      41D       0
                text6                              1EB6     1EB6       40      41D       0
                text5                              1B84     1B84       88      41D       0
                text4                              1C8C     1C8C       78      41D       0
                text3                              1494     1494      1FA      41D       0
                text2                              1C0C     1C0C       80      41D       0
                text1                              1E74     1E74       42      41D       0
                text0                              11DC     11DC      2B8      41D       0
                cstackCOMRAM                          1        1       54        1       1
                bssBANK0                             60       60       64       60       1
                cinit                              1FE8     1FE8       16      41D       0

TOTAL           Name                               Link     Load   Length     Space
        CLASS   STACK          

        CLASS   CODE           
                init                                  0        0        4         0
                text24                             1FFE     1FFE       12         0
                text23                             1E30     1E30       44         0
                text22                             1AF4     1AF4       90         0
                text21                             1F6E     1F6E       20         0
                text20                             1DDE     1DDE       52         0
                text19                             1D04     1D04       74         0
                text18                             1FCA     1FCA       1E         0
                text17                             1EF6     1EF6       40         0
                text16                             1FAC     1FAC       1E         0
                text15                             1D78     1D78       66         0
                text14                             19C6     19C6       9A         0
                text13                              83A      83A      586         0
                text12                              DC0      DC0      41C         0
                text11                             1874     1874      152         0
                text10                             168E     168E      1E6         0
                text9                              1A60     1A60       94         0
                text8                              1F8E     1F8E       1E         0
                text7                              1F36     1F36       38         0
                text6                              1EB6     1EB6       40         0
                text5                              1B84     1B84       88         0
                text4                              1C8C     1C8C       78         0
                text3                              1494     1494      1FA         0
                text2                              1C0C     1C0C       80         0
                text1                              1E74     1E74       42         0
                text0                              11DC     11DC      2B8         0
                cinit                              1FE8     1FE8       16         0

        CLASS   CONST          

        CLASS   SMALLCONST     
                smallconst                          800      800       3A         0

        CLASS   MEDIUMCONST    

        CLASS   COMRAM         
                cstackCOMRAM                          1        1       54         1

        CLASS   ABS1           

        CLASS   BIGRAM         

        CLASS   RAM            

        CLASS   BANK0          
                bssBANK0                             60       60       64         1

        CLASS   BANK1          

        CLASS   BANK2          

        CLASS   BANK3          

        CLASS   BANK4          

        CLASS   BANK5          

        CLASS   BANK6          

        CLASS   BANK7          

        CLASS   SFR            

        CLASS   FARRAM         

        CLASS   CONFIG         
                config                           300000   300000        E         0

        CLASS   IDLOC          
                idloc                            200000   200000        8         0

        CLASS   EEDATA         



SEGMENTS        Name                           Load    Length   Top    Selector   Space  Class

                reset_vec                      000000  000004  000004         0       0  CODE    
                cstackCOMRAM                   000001  000054  000055         1       1  COMRAM  
                bssBANK0                       000060  000064  0000C4        60       1  BANK0   
                smallconst                     000800  00003A  00083A       400       0  SMALLCON
                text13                         00083A  0017D6  002010       41D       0  CODE    
                idloc                          200000  000008  200008    200000       0  IDLOC   
                config                         300000  00000E  30000E    300000       0  CONFIG  


UNUSED ADDRESS RANGES

        Name                Unused          Largest block    Delta
        BANK0            0000C4-0000FF               3C
        BANK1            000100-0001FF              100
        BANK2            000200-0002FF              100
        BANK3            000300-0003FF              100
        BANK4            000400-0004FF              100
        BANK5            000500-0005FF              100
        BANK6            000600-0006FF              100
        BANK7            000700-0007FF              100
        BIGRAM           000055-00005F                B
                         0000C4-0007FF              73C
        CODE             000004-0007FF              7FC
                         002010-007FFF             5FF0
        COMRAM           000055-00005F                B
        CONST            000004-0007FF              7FC
                         002010-007FFF             5FF0
        EEDATA           F00000-F000FF              100
        MEDIUMCONST      002010-007FFF             5FF0
        RAM              0000C4-0007FF              100
        SFR              000F60-000FFF               A0
        SMALLCONST       002010-007FFF              100
        STACK            0000C4-0007FF              73C

                                  Symbol Table

?___fladd                       cstackCOMRAM 000028
?___fldiv                       cstackCOMRAM 00000F
?___fltol                       cstackCOMRAM 000001
?___lwdiv                       cstackCOMRAM 000001
?___lwmod                       cstackCOMRAM 000008
?___xxtofl                      cstackCOMRAM 000001
?_sprintf                       cstackCOMRAM 00000D
DHT11_ReadData@data             cstackCOMRAM 000002
DHT11_ReadData@i                cstackCOMRAM 000001
Irrigation_Management@RH        cstackCOMRAM 000004
Irrigation_Management@T         cstackCOMRAM 000001
LCD_Char@char_data              cstackCOMRAM 000007
LCD_Command@cmd                 cstackCOMRAM 000007
LCD_String@str                  cstackCOMRAM 000008
LCD_String_xy@pos               cstackCOMRAM 00000A
LCD_String_xy@row               cstackCOMRAM 00000D
LCD_String_xy@str               cstackCOMRAM 00000B
MSdelay@i                       cstackCOMRAM 000003
MSdelay@j                       cstackCOMRAM 000005
MSdelay@val                     cstackCOMRAM 000001
USART_Init@baud_rate            cstackCOMRAM 00003C
USART_Init@temp                 cstackCOMRAM 000040
USART_SendString@out            cstackCOMRAM 000002
USART_TxChar@out                cstackCOMRAM 000001
_ADCON0                         (abs)        000FC2
_ADCON0bits                     (abs)        000FC2
_ADCON1                         (abs)        000FC1
_ADCON2                         (abs)        000FC0
_ADC_Init                       text24       001FFE
_ADON                           (abs)        007E10
_ADRESH                         (abs)        000FC4
_ADRESL                         (abs)        000FC3
_CREN                           (abs)        007D5C
_DHT11_CheckResponse            text23       001E30
_DHT11_ReadData                 text22       001AF4
_DHT11_Start                    text21       001F6E
_GO                             (abs)        007E11
_INTCONbits                     (abs)        000FF2
_Irrigation_Management          text20       001DDE
_LATA0                          (abs)        007C48
_LATB2                          (abs)        007C52
_LATB3                          (abs)        007C53
_LATC0                          (abs)        007C58
_LATC1                          (abs)        007C59
_LATC2                          (abs)        007C5A
_LATD                           (abs)        000F8C
_LCD_Char                       text16       001FAC
_LCD_Command                    text18       001FCA
_LCD_Init                       text17       001EF6
_LCD_String                     text15       001D78
_LCD_String_xy                  text14       0019C6
_MSdelay                        text19       001D04
_OSCCON                         (abs)        000FD3
_PIE1bits                       (abs)        000F9D
_PORTAbits                      (abs)        000F80
_RCIF                           (abs)        007CF5
_RCREG                          (abs)        000FAE
_RCSTA                          (abs)        000FAB
_RCSTAbits                      (abs)        000FAB
_SPBRG                          (abs)        000FAF
_TRISA                          (abs)        000F92
_TRISAbits                      (abs)        000F92
_TRISBbits                      (abs)        000F93
_TRISC                          (abs)        000F94
_TRISC6                         (abs)        007CA6
_TRISC7                         (abs)        007CA7
_TRISD                          (abs)        000F95
_TXIF                           (abs)        007CF4
_TXREG                          (abs)        000FAD
_TXSTA                          (abs)        000FAC
_USART_Init                     text9        001A60
_USART_SendString               text7        001F36
_USART_TxChar                   text8        001F8E
__HRAM                          (abs)        000000
__Habs1                         abs1         000000
__Hbank0                        bank0        000000
__Hbank1                        bank1        000000
__Hbank2                        bank2        000000
__Hbank3                        bank3        000000
__Hbank4                        bank4        000000
__Hbank5                        bank5        000000
__Hbank6                        bank6        000000
__Hbank7                        bank7        000000
__Hbigbss                       bigbss       000000
__Hbigdata                      bigdata      000000
__Hbigram                       bigram       000000
__Hbss                          bss          000000
__HbssBANK0                     bssBANK0     000000
__Hcinit                        cinit        000000
__Hclrtext                      clrtext      000000
__Hcomram                       comram       000000
__Hconfig                       config       30000E
__Hconst                        const        000000
__HcstackCOMRAM                 cstackCOMRAM 000000
__Hdata                         data         000000
__Heeprom_data                  eeprom_data  000000
__Hfarbss                       farbss       000000
__Hfardata                      fardata      000000
__Hibigdata                     ibigdata     000000
__Hidata                        idata        000000
__Hidloc                        idloc        200008
__Hifardata                     ifardata     000000
__Hinit                         init         000004
__Hintcode                      intcode      000000
__Hintcode_body                 intcode_body 000000
__Hintcodelo                    intcodelo    000000
__Hintentry                     intentry     000000
__Hintret                       intret       000000
__Hintsave_regs                 intsave_regs 000000
__Hirdata                       irdata       000000
__Hmediumconst                  mediumconst  000000
__HnvFARRAM                     nvFARRAM     000000
__Hnvbit                        nvbit        000000
__Hnvrram                       nvrram       000000
__Hparam                        rparam       000000
__Hpowerup                      powerup      000000
__Hram                          ram          000000
__Hramtop                       ramtop       000800
__Hrbit                         rbit         000000
__Hrbss                         rbss         000000
__Hrdata                        rdata        000000
__Hreset_vec                    reset_vec    000000
__Hrparam                       rparam       000000
__Hsfr                          sfr          000000
__Hsmallconst                   smallconst   00083A
__Hspace_0                      (abs)        30000E
__Hspace_1                      (abs)        0000C4
__Hspace_2                      (abs)        000000
__Hstack                        stack        000000
__Hstruct                       struct       000000
__Htemp                         temp         000000
__Htext                         text         000000
__Htext0                        text0        000000
__Htext1                        text1        000000
__Htext10                       text10       000000
__Htext11                       text11       000000
__Htext12                       text12       000000
__Htext13                       text13       000000
__Htext14                       text14       000000
__Htext15                       text15       000000
__Htext16                       text16       000000
__Htext17                       text17       000000
__Htext18                       text18       000000
__Htext19                       text19       000000
__Htext2                        text2        000000
__Htext20                       text20       000000
__Htext21                       text21       000000
__Htext22                       text22       000000
__Htext23                       text23       000000
__Htext24                       text24       000000
__Htext3                        text3        000000
__Htext4                        text4        000000
__Htext5                        text5        000000
__Htext6                        text6        000000
__Htext7                        text7        000000
__Htext8                        text8        000000
__Htext9                        text9        000000
__LRAM                          (abs)        000001
__Labs1                         abs1         000000
__Lbank0                        bank0        000000
__Lbank1                        bank1        000000
__Lbank2                        bank2        000000
__Lbank3                        bank3        000000
__Lbank4                        bank4        000000
__Lbank5                        bank5        000000
__Lbank6                        bank6        000000
__Lbank7                        bank7        000000
__Lbigbss                       bigbss       000000
__Lbigdata                      bigdata      000000
__Lbigram                       bigram       000000
__Lbss                          bss          000000
__LbssBANK0                     bssBANK0     000000
__Lcinit                        cinit        000000
__Lclrtext                      clrtext      000000
__Lcomram                       comram       000000
__Lconfig                       config       300000
__Lconst                        const        000000
__LcstackCOMRAM                 cstackCOMRAM 000000
__Ldata                         data         000000
__Leeprom_data                  eeprom_data  000000
__Lfarbss                       farbss       000000
__Lfardata                      fardata      000000
__Libigdata                     ibigdata     000000
__Lidata                        idata        000000
__Lidloc                        idloc        200000
__Lifardata                     ifardata     000000
__Linit                         init         000000
__Lintcode                      intcode      000000
__Lintcode_body                 intcode_body 000000
__Lintcodelo                    intcodelo    000000
__Lintentry                     intentry     000000
__Lintret                       intret       000000
__Lintsave_regs                 intsave_regs 000000
__Lirdata                       irdata       000000
__Lmediumconst                  mediumconst  000000
__LnvFARRAM                     nvFARRAM     000000
__Lnvbit                        nvbit        000000
__Lnvrram                       nvrram       000000
__Lparam                        rparam       000000
__Lpowerup                      powerup      000000
__Lram                          ram          000000
__Lramtop                       ramtop       000800
__Lrbit                         rbit         000000
__Lrbss                         rbss         000000
__Lrdata                        rdata        000000
__Lreset_vec                    reset_vec    000000
__Lrparam                       rparam       000000
__Lsfr                          sfr          000000
__Lsmallconst                   smallconst   000800
__Lspace_0                      (abs)        000000
__Lspace_1                      (abs)        000000
__Lspace_2                      (abs)        000000
__Lstack                        stack        000000
__Lstruct                       struct       000000
__Ltemp                         temp         000000
__Ltext                         text         000000
__Ltext0                        text0        000000
__Ltext1                        text1        000000
__Ltext10                       text10       000000
__Ltext11                       text11       000000
__Ltext12                       text12       000000
__Ltext13                       text13       000000
__Ltext14                       text14       000000
__Ltext15                       text15       000000
__Ltext16                       text16       000000
__Ltext17                       text17       000000
__Ltext18                       text18       000000
__Ltext19                       text19       000000
__Ltext2                        text2        000000
__Ltext20                       text20       000000
__Ltext21                       text21       000000
__Ltext22                       text22       000000
__Ltext23                       text23       000000
__Ltext24                       text24       000000
__Ltext3                        text3        000000
__Ltext4                        text4        000000
__Ltext5                        text5        000000
__Ltext6                        text6        000000
__Ltext7                        text7        000000
__Ltext8                        text8        000000
__Ltext9                        text9        000000
__S0                            (abs)        30000E
__S1                            (abs)        0000C4
__S2                            (abs)        000000
___fladd                        text13       00083A
___fladd@a                      cstackCOMRAM 00002C
___fladd@aexp                   cstackCOMRAM 000039
___fladd@b                      cstackCOMRAM 000028
___fladd@bexp                   cstackCOMRAM 00003A
___fladd@grs                    cstackCOMRAM 00003B
___fladd@signs                  cstackCOMRAM 000038
___fldiv                        text12       000DC0
___fldiv@a                      cstackCOMRAM 000013
___fldiv@aexp                   cstackCOMRAM 000027
___fldiv@b                      cstackCOMRAM 00000F
___fldiv@bexp                   cstackCOMRAM 000026
___fldiv@grs                    cstackCOMRAM 000022
___fldiv@new_exp                cstackCOMRAM 000020
___fldiv@rem                    cstackCOMRAM 00001C
___fldiv@sign                   cstackCOMRAM 00001B
___fltol                        text11       001874
___fltol@exp1                   cstackCOMRAM 00000A
___fltol@f1                     cstackCOMRAM 000001
___fltol@sign1                  cstackCOMRAM 000009
___inthi_sp                     stack        000000
___intlo_sp                     stack        000000
___lwdiv                        text5        001B84
___lwdiv@counter                cstackCOMRAM 000007
___lwdiv@dividend               cstackCOMRAM 000001
___lwdiv@divisor                cstackCOMRAM 000003
___lwdiv@quotient               cstackCOMRAM 000005
___lwmod                        text4        001C8C
___lwmod@counter                cstackCOMRAM 00000C
___lwmod@dividend               cstackCOMRAM 000008
___lwmod@divisor                cstackCOMRAM 00000A
___param_bank                   (abs)        000000
___rparam_used                  (abs)        000001
___sp                           stack        000000
___xxtofl                       text10       00168E
___xxtofl@arg                   cstackCOMRAM 00000B
___xxtofl@exp                   cstackCOMRAM 00000A
___xxtofl@sign                  cstackCOMRAM 000009
___xxtofl@val                   cstackCOMRAM 000001
__accesstop                     (abs)        000060
__activetblptr                  (abs)        000002
__end_of_ADC_Init               text24       002010
__end_of_DHT11_CheckResponse    text23       001E74
__end_of_DHT11_ReadData         text22       001B84
__end_of_DHT11_Start            text21       001F8E
__end_of_Irrigation_Management  text20       001E30
__end_of_LCD_Char               text16       001FCA
__end_of_LCD_Command            text18       001FE8
__end_of_LCD_Init               text17       001F36
__end_of_LCD_String             text15       001DDE
__end_of_LCD_String_xy          text14       001A60
__end_of_MSdelay                text19       001D78
__end_of_USART_Init             text9        001AF4
__end_of_USART_SendString       text7        001F6E
__end_of_USART_TxChar           text8        001FAC
__end_of___fladd                text13       000DC0
__end_of___fldiv                text12       0011DC
__end_of___fltol                text11       0019C6
__end_of___lwdiv                text5        001C0C
__end_of___lwmod                text4        001D04
__end_of___xxtofl               text10       001874
__end_of__initialization        cinit        001FF4
__end_of_dpowers                smallconst   00080B
__end_of_main                   text0        001494
__end_of_memset                 text6        001EF6
__end_of_sprintf                text3        00168E
__end_of_strcat                 text2        001C8C
__end_of_strcpy                 text1        001EB6
__initialization                cinit        001FE8
__mediumconst                   mediumconst  000000
__pbssBANK0                     bssBANK0     000060
__pcinit                        cinit        001FE8
__pcstackCOMRAM                 cstackCOMRAM 000001
__psmallconst                   smallconst   000800
__ptext0                        text0        0011DC
__ptext1                        text1        001E74
__ptext10                       text10       00168E
__ptext11                       text11       001874
__ptext12                       text12       000DC0
__ptext13                       text13       00083A
__ptext14                       text14       0019C6
__ptext15                       text15       001D78
__ptext16                       text16       001FAC
__ptext17                       text17       001EF6
__ptext18                       text18       001FCA
__ptext19                       text19       001D04
__ptext2                        text2        001C0C
__ptext20                       text20       001DDE
__ptext21                       text21       001F6E
__ptext22                       text22       001AF4
__ptext23                       text23       001E30
__ptext24                       text24       001FFE
__ptext3                        text3        001494
__ptext4                        text4        001C8C
__ptext5                        text5        001B84
__ptext6                        text6        001EB6
__ptext7                        text7        001F36
__ptext8                        text8        001F8E
__ptext9                        text9        001A60
__ramtop                        ramtop       000800
__size_of_ADC_Init              (abs)        000000
__size_of_DHT11_CheckResponse   (abs)        000000
__size_of_DHT11_ReadData        (abs)        000000
__size_of_DHT11_Start           (abs)        000000
__size_of_Irrigation_Management (abs)        000000
__size_of_LCD_Char              (abs)        000000
__size_of_LCD_Command           (abs)        000000
__size_of_LCD_Init              (abs)        000000
__size_of_LCD_String            (abs)        000000
__size_of_LCD_String_xy         (abs)        000000
__size_of_MSdelay               (abs)        000000
__size_of_USART_Init            (abs)        000000
__size_of_USART_SendString      (abs)        000000
__size_of_USART_TxChar          (abs)        000000
__size_of___fladd               (abs)        000000
__size_of___fldiv               (abs)        000000
__size_of___fltol               (abs)        000000
__size_of___lwdiv               (abs)        000000
__size_of___lwmod               (abs)        000000
__size_of___xxtofl              (abs)        000000
__size_of_main                  (abs)        000000
__size_of_memset                (abs)        000000
__size_of_sprintf               (abs)        000000
__size_of_strcat                (abs)        000000
__size_of_strcpy                (abs)        000000
__smallconst                    smallconst   000800
_dpowers                        smallconst   000801
_main                           text0        0011DC
_memset                         text6        001EB6
_sprintf                        text3        001494
_strcat                         text2        001C0C
_strcpy                         text1        001E74
_stringBT                       bssBANK0     000060
_val_aux                        bssBANK0     000092
end_of_initialization           cinit        001FF4
intlevel0                       text         000000
intlevel1                       text         000000
intlevel2                       text         000000
intlevel3                       text         000000
main@Checksum                   cstackCOMRAM 000046
main@RH_Decimal                 cstackCOMRAM 000051
main@RH_Integral                cstackCOMRAM 000053
main@T_Decimal                  cstackCOMRAM 000052
main@T_Integral                 cstackCOMRAM 000054
main@value                      cstackCOMRAM 000047
memset@c                        cstackCOMRAM 000003
memset@n                        cstackCOMRAM 000005
memset@p                        cstackCOMRAM 000007
memset@p1                       cstackCOMRAM 000001
sprintf@ap                      cstackCOMRAM 000014
sprintf@c                       cstackCOMRAM 00001A
sprintf@f                       cstackCOMRAM 00000F
sprintf@flag                    cstackCOMRAM 000016
sprintf@prec                    cstackCOMRAM 000017
sprintf@sp                      cstackCOMRAM 00000D
sprintf@val                     cstackCOMRAM 000018
stackhi                         (abs)        0007FF
stacklo                         (abs)        0000C4
start                           init         000000
start_initialization            cinit        001FE8
strcat@cp                       cstackCOMRAM 000005
strcat@from                     cstackCOMRAM 000003
strcat@to                       cstackCOMRAM 000001
strcpy@cp                       cstackCOMRAM 000005
strcpy@from                     cstackCOMRAM 000003
strcpy@to                       cstackCOMRAM 000001


FUNCTION INFORMATION:

 *************** function _main *****************
 Defined at:
		line 23 in file "GPS_Source_File.c"
 Parameters:    Size  Location     Type
		None
 Auto vars:     Size  Location     Type
  value          10   70[COMRAM] unsigned char [10]
  T_Integral      1   83[COMRAM] unsigned char 
  RH_Integral     1   82[COMRAM] unsigned char 
  T_Decimal       1   81[COMRAM] unsigned char 
  RH_Decimal      1   80[COMRAM] unsigned char 
  Checksum        1   69[COMRAM] unsigned char 
 Return value:  Size  Location     Type
                  1    wreg      void 
 Registers used:
		wreg, fsr0l, fsr0h, fsr1l, fsr1h, fsr2l, fsr2h, status,2, status,0, tblptrl, tblptrh, tblptru, prodl, prodh, cstack
 Tracked objects:
		On entry : 
		On exit  : 
		Unchanged: 
 Data sizes:     COMRAM   BANK0   BANK1   BANK2   BANK3   BANK4   BANK5   BANK6   BANK7
      Params:         0       0       0       0       0       0       0       0       0
      Locals:        15       0       0       0       0       0       0       0       0
      Temps:          2       0       0       0       0       0       0       0       0
      Totals:        17       0       0       0       0       0       0       0       0
Total ram usage:       17 bytes
 Hardware stack levels required when called:    4
 This function calls:
		_ADC_Init
		_DHT11_CheckResponse
		_DHT11_ReadData
		_DHT11_Start
		_Irrigation_Management
		_LCD_Char
		_LCD_Init
		_LCD_String
		_LCD_String_xy
		_USART_Init
		_USART_SendString
		_memset
		_sprintf
		_strcat
		_strcpy
 This function is called by:
		Startup code after reset
 This function uses a non-reentrant model


 *************** function _strcpy *****************
 Defined at:
		line 8 in file "C:\Program Files (x86)\Microchip\xc8\v1.41\sources\common\strcpy.c"
 Parameters:    Size  Location     Type
  to              2    0[COMRAM] PTR unsigned char 
		 -> val_aux(50), 
  from            2    2[COMRAM] PTR const unsigned char 
		 -> main@value(10), 
 Auto vars:     Size  Location     Type
  cp              2    4[COMRAM] PTR unsigned char 
		 -> val_aux(50), 
 Return value:  Size  Location     Type
                  2    0[COMRAM] PTR unsigned char 
 Registers used:
		wreg, fsr1l, fsr1h, fsr2l, fsr2h, status,2, status,0
 Tracked objects:
		On entry : 
		On exit  : 
		Unchanged: 
 Data sizes:     COMRAM   BANK0   BANK1   BANK2   BANK3   BANK4   BANK5   BANK6   BANK7
      Params:         4       0       0       0       0       0       0       0       0
      Locals:         2       0       0       0       0       0       0       0       0
      Temps:          0       0       0       0       0       0       0       0       0
      Totals:         6       0       0       0       0       0       0       0       0
Total ram usage:        6 bytes
 Hardware stack levels used:    1
 This function calls:
		Nothing
 This function is called by:
		_main
 This function uses a non-reentrant model


 *************** function _strcat *****************
 Defined at:
		line 8 in file "C:\Program Files (x86)\Microchip\xc8\v1.41\sources\common\strcat.c"
 Parameters:    Size  Location     Type
  to              2    0[COMRAM] PTR unsigned char 
		 -> val_aux(50), 
  from            2    2[COMRAM] PTR const unsigned char 
		 -> STR_14(3), STR_11(2), main@value(10), 
 Auto vars:     Size  Location     Type
  cp              2    4[COMRAM] PTR unsigned char 
		 -> val_aux(50), 
 Return value:  Size  Location     Type
                  2    0[COMRAM] PTR unsigned char 
 Registers used:
		wreg, fsr0l, fsr0h, fsr2l, fsr2h, status,2, status,0, tblptrl, tblptrh, tblptru
 Tracked objects:
		On entry : 
		On exit  : 
		Unchanged: 
 Data sizes:     COMRAM   BANK0   BANK1   BANK2   BANK3   BANK4   BANK5   BANK6   BANK7
      Params:         4       0       0       0       0       0       0       0       0
      Locals:         2       0       0       0       0       0       0       0       0
      Temps:          0       0       0       0       0       0       0       0       0
      Totals:         6       0       0       0       0       0       0       0       0
Total ram usage:        6 bytes
 Hardware stack levels used:    1
 This function calls:
		Nothing
 This function is called by:
		_main
 This function uses a non-reentrant model


 *************** function _sprintf *****************
 Defined at:
		line 492 in file "C:\Program Files (x86)\Microchip\xc8\v1.41\sources\common\doprnt.c"
 Parameters:    Size  Location     Type
  sp              2   12[COMRAM] PTR unsigned char 
		 -> main@value(10), 
  f               2   14[COMRAM] PTR const unsigned char 
		 -> STR_13(4), STR_12(3), STR_10(4), STR_9(3), 
		 -> STR_8(5), STR_6(3), STR_5(4), STR_3(3), 
 Auto vars:     Size  Location     Type
  tmpval          4    0        struct .
  cp              3    0        PTR const unsigned char 
  val             2   23[COMRAM] unsigned int 
  ap              2   19[COMRAM] PTR void [1]
		 -> ?_sprintf(2), 
  len             2    0        unsigned int 
  c               1   25[COMRAM] char 
  prec            1   22[COMRAM] char 
  flag            1   21[COMRAM] unsigned char 
 Return value:  Size  Location     Type
                  2   12[COMRAM] int 
 Registers used:
		wreg, fsr2l, fsr2h, status,2, status,0, tblptrl, tblptrh, tblptru, prodl, prodh, cstack
 Tracked objects:
		On entry : 
		On exit  : 
		Unchanged: 
 Data sizes:     COMRAM   BANK0   BANK1   BANK2   BANK3   BANK4   BANK5   BANK6   BANK7
      Params:         6       0       0       0       0       0       0       0       0
      Locals:         7       0       0       0       0       0       0       0       0
      Temps:          1       0       0       0       0       0       0       0       0
      Totals:        14       0       0       0       0       0       0       0       0
Total ram usage:       14 bytes
 Hardware stack levels used:    1
 Hardware stack levels required when called:    1
 This function calls:
		___lwdiv
		___lwmod
 This function is called by:
		_main
 This function uses a non-reentrant model


 *************** function ___lwmod *****************
 Defined at:
		line 8 in file "C:\Program Files (x86)\Microchip\xc8\v1.41\sources\common\lwmod.c"
 Parameters:    Size  Location     Type
  dividend        2    7[COMRAM] unsigned int 
  divisor         2    9[COMRAM] unsigned int 
 Auto vars:     Size  Location     Type
  counter         1   11[COMRAM] unsigned char 
 Return value:  Size  Location     Type
                  2    7[COMRAM] unsigned int 
 Registers used:
		wreg, status,2, status,0
 Tracked objects:
		On entry : 
		On exit  : 
		Unchanged: 
 Data sizes:     COMRAM   BANK0   BANK1   BANK2   BANK3   BANK4   BANK5   BANK6   BANK7
      Params:         4       0       0       0       0       0       0       0       0
      Locals:         1       0       0       0       0       0       0       0       0
      Temps:          0       0       0       0       0       0       0       0       0
      Totals:         5       0       0       0       0       0       0       0       0
Total ram usage:        5 bytes
 Hardware stack levels used:    1
 This function calls:
		Nothing
 This function is called by:
		_sprintf
 This function uses a non-reentrant model


 *************** function ___lwdiv *****************
 Defined at:
		line 8 in file "C:\Program Files (x86)\Microchip\xc8\v1.41\sources\common\lwdiv.c"
 Parameters:    Size  Location     Type
  dividend        2    0[COMRAM] unsigned int 
  divisor         2    2[COMRAM] unsigned int 
 Auto vars:     Size  Location     Type
  quotient        2    4[COMRAM] unsigned int 
  counter         1    6[COMRAM] unsigned char 
 Return value:  Size  Location     Type
                  2    0[COMRAM] unsigned int 
 Registers used:
		wreg, status,2, status,0
 Tracked objects:
		On entry : 
		On exit  : 
		Unchanged: 
 Data sizes:     COMRAM   BANK0   BANK1   BANK2   BANK3   BANK4   BANK5   BANK6   BANK7
      Params:         4       0       0       0       0       0       0       0       0
      Locals:         3       0       0       0       0       0       0       0       0
      Temps:          0       0       0       0       0       0       0       0       0
      Totals:         7       0       0       0       0       0       0       0       0
Total ram usage:        7 bytes
 Hardware stack levels used:    1
 This function calls:
		Nothing
 This function is called by:
		_sprintf
 This function uses a non-reentrant model


 *************** function _memset *****************
 Defined at:
		line 8 in file "C:\Program Files (x86)\Microchip\xc8\v1.41\sources\common\memset.c"
 Parameters:    Size  Location     Type
  p1              2    0[COMRAM] PTR void 
		 -> main@value(10), 
  c               2    2[COMRAM] int 
  n               2    4[COMRAM] unsigned int 
 Auto vars:     Size  Location     Type
  p               2    6[COMRAM] PTR unsigned char 
		 -> main@value(10), 
 Return value:  Size  Location     Type
                  2    0[COMRAM] PTR void 
 Registers used:
		wreg, fsr2l, fsr2h, status,2, status,0
 Tracked objects:
		On entry : 
		On exit  : 
		Unchanged: 
 Data sizes:     COMRAM   BANK0   BANK1   BANK2   BANK3   BANK4   BANK5   BANK6   BANK7
      Params:         6       0       0       0       0       0       0       0       0
      Locals:         2       0       0       0       0       0       0       0       0
      Temps:          0       0       0       0       0       0       0       0       0
      Totals:         8       0       0       0       0       0       0       0       0
Total ram usage:        8 bytes
 Hardware stack levels used:    1
 This function calls:
		Nothing
 This function is called by:
		_main
 This function uses a non-reentrant model


 *************** function _USART_SendString *****************
 Defined at:
		line 42 in file "USART_Source_File.c"
 Parameters:    Size  Location     Type
  out             2    1[COMRAM] PTR const unsigned char 
		 -> val_aux(50), 
 Auto vars:     Size  Location     Type
		None
 Return value:  Size  Location     Type
                  1    wreg      void 
 Registers used:
		wreg, fsr2l, fsr2h, status,2, status,0, cstack
 Tracked objects:
		On entry : 
		On exit  : 
		Unchanged: 
 Data sizes:     COMRAM   BANK0   BANK1   BANK2   BANK3   BANK4   BANK5   BANK6   BANK7
      Params:         2       0       0       0       0       0       0       0       0
      Locals:         0       0       0       0       0       0       0       0       0
      Temps:          0       0       0       0       0       0       0       0       0
      Totals:         2       0       0       0       0       0       0       0       0
Total ram usage:        2 bytes
 Hardware stack levels used:    1
 Hardware stack levels required when called:    1
 This function calls:
		_USART_TxChar
 This function is called by:
		_main
 This function uses a non-reentrant model


 *************** function _USART_TxChar *****************
 Defined at:
		line 21 in file "USART_Source_File.c"
 Parameters:    Size  Location     Type
  out             1    wreg     unsigned char 
 Auto vars:     Size  Location     Type
  out             1    0[COMRAM] unsigned char 
 Return value:  Size  Location     Type
                  1    wreg      void 
 Registers used:
		wreg
 Tracked objects:
		On entry : 
		On exit  : 
		Unchanged: 
 Data sizes:     COMRAM   BANK0   BANK1   BANK2   BANK3   BANK4   BANK5   BANK6   BANK7
      Params:         0       0       0       0       0       0       0       0       0
      Locals:         1       0       0       0       0       0       0       0       0
      Temps:          0       0       0       0       0       0       0       0       0
      Totals:         1       0       0       0       0       0       0       0       0
Total ram usage:        1 bytes
 Hardware stack levels used:    1
 This function calls:
		Nothing
 This function is called by:
		_USART_SendString
 This function uses a non-reentrant model


 *************** function _USART_Init *****************
 Defined at:
		line 10 in file "USART_Source_File.c"
 Parameters:    Size  Location     Type
  baud_rate       4   59[COMRAM] long 
 Auto vars:     Size  Location     Type
  temp            4   63[COMRAM] float 
 Return value:  Size  Location     Type
                  1    wreg      void 
 Registers used:
		wreg, status,2, status,0, cstack
 Tracked objects:
		On entry : 
		On exit  : 
		Unchanged: 
 Data sizes:     COMRAM   BANK0   BANK1   BANK2   BANK3   BANK4   BANK5   BANK6   BANK7
      Params:         4       0       0       0       0       0       0       0       0
      Locals:         4       0       0       0       0       0       0       0       0
      Temps:          0       0       0       0       0       0       0       0       0
      Totals:         8       0       0       0       0       0       0       0       0
Total ram usage:        8 bytes
 Hardware stack levels used:    1
 Hardware stack levels required when called:    1
 This function calls:
		___fladd
		___fldiv
		___fltol
		___xxtofl
 This function is called by:
		_main
 This function uses a non-reentrant model


 *************** function ___xxtofl *****************
 Defined at:
		line 10 in file "C:\Program Files (x86)\Microchip\xc8\v1.41\sources\common\xxtofl.c"
 Parameters:    Size  Location     Type
  sign            1    wreg     unsigned char 
  val             4    0[COMRAM] long 
 Auto vars:     Size  Location     Type
  sign            1    8[COMRAM] unsigned char 
  arg             4   10[COMRAM] unsigned long 
  exp             1    9[COMRAM] unsigned char 
 Return value:  Size  Location     Type
                  4    0[COMRAM] unsigned char 
 Registers used:
		wreg, status,2, status,0
 Tracked objects:
		On entry : 
		On exit  : 
		Unchanged: 
 Data sizes:     COMRAM   BANK0   BANK1   BANK2   BANK3   BANK4   BANK5   BANK6   BANK7
      Params:         4       0       0       0       0       0       0       0       0
      Locals:         6       0       0       0       0       0       0       0       0
      Temps:          4       0       0       0       0       0       0       0       0
      Totals:        14       0       0       0       0       0       0       0       0
Total ram usage:       14 bytes
 Hardware stack levels used:    1
 This function calls:
		Nothing
 This function is called by:
		_USART_Init
 This function uses a non-reentrant model


 *************** function ___fltol *****************
 Defined at:
		line 43 in file "C:\Program Files (x86)\Microchip\xc8\v1.41\sources\common\fltol.c"
 Parameters:    Size  Location     Type
  f1              4    0[COMRAM] unsigned char 
 Auto vars:     Size  Location     Type
  exp1            1    9[COMRAM] unsigned char 
  sign1           1    8[COMRAM] unsigned char 
 Return value:  Size  Location     Type
                  4    0[COMRAM] long 
 Registers used:
		wreg, status,2, status,0
 Tracked objects:
		On entry : 
		On exit  : 
		Unchanged: 
 Data sizes:     COMRAM   BANK0   BANK1   BANK2   BANK3   BANK4   BANK5   BANK6   BANK7
      Params:         4       0       0       0       0       0       0       0       0
      Locals:         2       0       0       0       0       0       0       0       0
      Temps:          4       0       0       0       0       0       0       0       0
      Totals:        10       0       0       0       0       0       0       0       0
Total ram usage:       10 bytes
 Hardware stack levels used:    1
 This function calls:
		Nothing
 This function is called by:
		_USART_Init
 This function uses a non-reentrant model


 *************** function ___fldiv *****************
 Defined at:
		line 11 in file "C:\Program Files (x86)\Microchip\xc8\v1.41\sources\common\sprcdiv.c"
 Parameters:    Size  Location     Type
  b               4   14[COMRAM] long 
  a               4   18[COMRAM] long 
 Auto vars:     Size  Location     Type
  grs             4   33[COMRAM] unsigned long 
  rem             4   27[COMRAM] unsigned long 
  new_exp         2   31[COMRAM] int 
  aexp            1   38[COMRAM] unsigned char 
  bexp            1   37[COMRAM] unsigned char 
  sign            1   26[COMRAM] unsigned char 
 Return value:  Size  Location     Type
                  4   14[COMRAM] unsigned char 
 Registers used:
		wreg, status,2, status,0
 Tracked objects:
		On entry : 
		On exit  : 
		Unchanged: 
 Data sizes:     COMRAM   BANK0   BANK1   BANK2   BANK3   BANK4   BANK5   BANK6   BANK7
      Params:         8       0       0       0       0       0       0       0       0
      Locals:        13       0       0       0       0       0       0       0       0
      Temps:          4       0       0       0       0       0       0       0       0
      Totals:        25       0       0       0       0       0       0       0       0
Total ram usage:       25 bytes
 Hardware stack levels used:    1
 This function calls:
		Nothing
 This function is called by:
		_USART_Init
 This function uses a non-reentrant model


 *************** function ___fladd *****************
 Defined at:
		line 10 in file "C:\Program Files (x86)\Microchip\xc8\v1.41\sources\common\sprcadd.c"
 Parameters:    Size  Location     Type
  b               4   39[COMRAM] unsigned char 
  a               4   43[COMRAM] unsigned char 
 Auto vars:     Size  Location     Type
  grs             1   58[COMRAM] unsigned char 
  bexp            1   57[COMRAM] unsigned char 
  aexp            1   56[COMRAM] unsigned char 
  signs           1   55[COMRAM] unsigned char 
 Return value:  Size  Location     Type
                  4   39[COMRAM] unsigned char 
 Registers used:
		wreg, status,2, status,0
 Tracked objects:
		On entry : 
		On exit  : 
		Unchanged: 
 Data sizes:     COMRAM   BANK0   BANK1   BANK2   BANK3   BANK4   BANK5   BANK6   BANK7
      Params:         8       0       0       0       0       0       0       0       0
      Locals:         4       0       0       0       0       0       0       0       0
      Temps:          8       0       0       0       0       0       0       0       0
      Totals:        20       0       0       0       0       0       0       0       0
Total ram usage:       20 bytes
 Hardware stack levels used:    1
 This function calls:
		Nothing
 This function is called by:
		_USART_Init
 This function uses a non-reentrant model


 *************** function _LCD_String_xy *****************
 Defined at:
		line 57 in file "LCD_20x4_C_file.c"
 Parameters:    Size  Location     Type
  row             1    wreg     unsigned char 
  pos             1    9[COMRAM] unsigned char 
  str             2   10[COMRAM] PTR const unsigned char 
		 -> STR_7(11), STR_4(7), STR_2(7), STR_1(7), 
 Auto vars:     Size  Location     Type
  row             1   12[COMRAM] unsigned char 
 Return value:  Size  Location     Type
                  1    wreg      void 
 Registers used:
		wreg, fsr0l, fsr0h, status,2, status,0, tblptrl, tblptrh, tblptru, cstack
 Tracked objects:
		On entry : 
		On exit  : 
		Unchanged: 
 Data sizes:     COMRAM   BANK0   BANK1   BANK2   BANK3   BANK4   BANK5   BANK6   BANK7
      Params:         3       0       0       0       0       0       0       0       0
      Locals:         1       0       0       0       0       0       0       0       0
      Temps:          0       0       0       0       0       0       0       0       0
      Totals:         4       0       0       0       0       0       0       0       0
Total ram usage:        4 bytes
 Hardware stack levels used:    1
 Hardware stack levels required when called:    3
 This function calls:
		_LCD_Command
		_LCD_String
 This function is called by:
		_main
 This function uses a non-reentrant model


 *************** function _LCD_String *****************
 Defined at:
		line 47 in file "LCD_20x4_C_file.c"
 Parameters:    Size  Location     Type
  str             2    7[COMRAM] PTR const unsigned char 
		 -> STR_7(11), STR_4(7), main@value(10), STR_2(7), 
		 -> STR_1(7), 
 Auto vars:     Size  Location     Type
  i               2    0        int 
 Return value:  Size  Location     Type
                  1    wreg      void 
 Registers used:
		wreg, fsr0l, fsr0h, status,2, status,0, tblptrl, tblptrh, tblptru, cstack
 Tracked objects:
		On entry : 
		On exit  : 
		Unchanged: 
 Data sizes:     COMRAM   BANK0   BANK1   BANK2   BANK3   BANK4   BANK5   BANK6   BANK7
      Params:         2       0       0       0       0       0       0       0       0
      Locals:         0       0       0       0       0       0       0       0       0
      Temps:          0       0       0       0       0       0       0       0       0
      Totals:         2       0       0       0       0       0       0       0       0
Total ram usage:        2 bytes
 Hardware stack levels used:    1
 Hardware stack levels required when called:    2
 This function calls:
		_LCD_Char
 This function is called by:
		_main
		_LCD_String_xy
 This function uses a non-reentrant model


 *************** function _LCD_Char *****************
 Defined at:
		line 22 in file "LCD_20x4_C_file.c"
 Parameters:    Size  Location     Type
  char_data       1    wreg     unsigned char 
 Auto vars:     Size  Location     Type
  char_data       1    6[COMRAM] unsigned char 
 Return value:  Size  Location     Type
                  1    wreg      void 
 Registers used:
		wreg, status,2, status,0, cstack
 Tracked objects:
		On entry : 
		On exit  : 
		Unchanged: 
 Data sizes:     COMRAM   BANK0   BANK1   BANK2   BANK3   BANK4   BANK5   BANK6   BANK7
      Params:         0       0       0       0       0       0       0       0       0
      Locals:         1       0       0       0       0       0       0       0       0
      Temps:          0       0       0       0       0       0       0       0       0
      Totals:         1       0       0       0       0       0       0       0       0
Total ram usage:        1 bytes
 Hardware stack levels used:    1
 Hardware stack levels required when called:    1
 This function calls:
		_MSdelay
 This function is called by:
		_main
		_LCD_String
 This function uses a non-reentrant model


 *************** function _LCD_Init *****************
 Defined at:
		line 33 in file "LCD_20x4_C_file.c"
 Parameters:    Size  Location     Type
		None
 Auto vars:     Size  Location     Type
		None
 Return value:  Size  Location     Type
                  1    wreg      void 
 Registers used:
		wreg, status,2, status,0, cstack
 Tracked objects:
		On entry : 
		On exit  : 
		Unchanged: 
 Data sizes:     COMRAM   BANK0   BANK1   BANK2   BANK3   BANK4   BANK5   BANK6   BANK7
      Params:         0       0       0       0       0       0       0       0       0
      Locals:         0       0       0       0       0       0       0       0       0
      Temps:          0       0       0       0       0       0       0       0       0
      Totals:         0       0       0       0       0       0       0       0       0
Total ram usage:        0 bytes
 Hardware stack levels used:    1
 Hardware stack levels required when called:    2
 This function calls:
		_LCD_Command
		_MSdelay
 This function is called by:
		_main
 This function uses a non-reentrant model


 *************** function _LCD_Command *****************
 Defined at:
		line 11 in file "LCD_20x4_C_file.c"
 Parameters:    Size  Location     Type
  cmd             1    wreg     unsigned char 
 Auto vars:     Size  Location     Type
  cmd             1    6[COMRAM] unsigned char 
 Return value:  Size  Location     Type
                  1    wreg      void 
 Registers used:
		wreg, status,2, status,0, cstack
 Tracked objects:
		On entry : 
		On exit  : 
		Unchanged: 
 Data sizes:     COMRAM   BANK0   BANK1   BANK2   BANK3   BANK4   BANK5   BANK6   BANK7
      Params:         0       0       0       0       0       0       0       0       0
      Locals:         1       0       0       0       0       0       0       0       0
      Temps:          0       0       0       0       0       0       0       0       0
      Totals:         1       0       0       0       0       0       0       0       0
Total ram usage:        1 bytes
 Hardware stack levels used:    1
 Hardware stack levels required when called:    1
 This function calls:
		_MSdelay
 This function is called by:
		_LCD_Init
		_LCD_String_xy
		_LCD_Clear
 This function uses a non-reentrant model


 *************** function _MSdelay *****************
 Defined at:
		line 78 in file "LCD_20x4_C_file.c"
 Parameters:    Size  Location     Type
  val             2    0[COMRAM] unsigned int 
 Auto vars:     Size  Location     Type
  j               2    4[COMRAM] unsigned int 
  i               2    2[COMRAM] unsigned int 
 Return value:  Size  Location     Type
                  1    wreg      void 
 Registers used:
		wreg, status,2, status,0
 Tracked objects:
		On entry : 
		On exit  : 
		Unchanged: 
 Data sizes:     COMRAM   BANK0   BANK1   BANK2   BANK3   BANK4   BANK5   BANK6   BANK7
      Params:         2       0       0       0       0       0       0       0       0
      Locals:         4       0       0       0       0       0       0       0       0
      Temps:          0       0       0       0       0       0       0       0       0
      Totals:         6       0       0       0       0       0       0       0       0
Total ram usage:        6 bytes
 Hardware stack levels used:    1
 This function calls:
		Nothing
 This function is called by:
		_LCD_Command
		_LCD_Char
		_LCD_Init
		_LCD_Clear
 This function uses a non-reentrant model


 *************** function _Irrigation_Management *****************
 Defined at:
		line 113 in file "GPS_Source_File.c"
 Parameters:    Size  Location     Type
  RH              1    wreg     unsigned char 
  T               1    0[COMRAM] unsigned char 
 Auto vars:     Size  Location     Type
  RH              1    3[COMRAM] unsigned char 
 Return value:  Size  Location     Type
                  1    wreg      void 
 Registers used:
		wreg, status,2, status,0
 Tracked objects:
		On entry : 
		On exit  : 
		Unchanged: 
 Data sizes:     COMRAM   BANK0   BANK1   BANK2   BANK3   BANK4   BANK5   BANK6   BANK7
      Params:         1       0       0       0       0       0       0       0       0
      Locals:         1       0       0       0       0       0       0       0       0
      Temps:          2       0       0       0       0       0       0       0       0
      Totals:         4       0       0       0       0       0       0       0       0
Total ram usage:        4 bytes
 Hardware stack levels used:    1
 This function calls:
		Nothing
 This function is called by:
		_main
 This function uses a non-reentrant model


 *************** function _DHT11_Start *****************
 Defined at:
		line 32 in file "DHT11_Source_File.c"
 Parameters:    Size  Location     Type
		None
 Auto vars:     Size  Location     Type
		None
 Return value:  Size  Location     Type
                  1    wreg      void 
 Registers used:
		wreg
 Tracked objects:
		On entry : 
		On exit  : 
		Unchanged: 
 Data sizes:     COMRAM   BANK0   BANK1   BANK2   BANK3   BANK4   BANK5   BANK6   BANK7
      Params:         0       0       0       0       0       0       0       0       0
      Locals:         0       0       0       0       0       0       0       0       0
      Temps:          1       0       0       0       0       0       0       0       0
      Totals:         1       0       0       0       0       0       0       0       0
Total ram usage:        1 bytes
 Hardware stack levels used:    1
 This function calls:
		Nothing
 This function is called by:
		_main
 This function uses a non-reentrant model


 *************** function _DHT11_ReadData *****************
 Defined at:
		line 12 in file "DHT11_Source_File.c"
 Parameters:    Size  Location     Type
		None
 Auto vars:     Size  Location     Type
  data            1    1[COMRAM] unsigned char 
  i               1    0[COMRAM] unsigned char 
 Return value:  Size  Location     Type
                  1    wreg      unsigned char 
 Registers used:
		wreg, status,2, status,0
 Tracked objects:
		On entry : 
		On exit  : 
		Unchanged: 
 Data sizes:     COMRAM   BANK0   BANK1   BANK2   BANK3   BANK4   BANK5   BANK6   BANK7
      Params:         0       0       0       0       0       0       0       0       0
      Locals:         2       0       0       0       0       0       0       0       0
      Temps:          0       0       0       0       0       0       0       0       0
      Totals:         2       0       0       0       0       0       0       0       0
Total ram usage:        2 bytes
 Hardware stack levels used:    1
 This function calls:
		Nothing
 This function is called by:
		_main
 This function uses a non-reentrant model


 *************** function _DHT11_CheckResponse *****************
 Defined at:
		line 48 in file "DHT11_Source_File.c"
 Parameters:    Size  Location     Type
		None
 Auto vars:     Size  Location     Type
		None
 Return value:  Size  Location     Type
                  1    wreg      void 
 Registers used:
		None
 Tracked objects:
		On entry : 
		On exit  : 
		Unchanged: 
 Data sizes:     COMRAM   BANK0   BANK1   BANK2   BANK3   BANK4   BANK5   BANK6   BANK7
      Params:         0       0       0       0       0       0       0       0       0
      Locals:         0       0       0       0       0       0       0       0       0
      Temps:          0       0       0       0       0       0       0       0       0
      Totals:         0       0       0       0       0       0       0       0       0
Total ram usage:        0 bytes
 Hardware stack levels used:    1
 This function calls:
		Nothing
 This function is called by:
		_main
 This function uses a non-reentrant model


 *************** function _ADC_Init *****************
 Defined at:
		line 11 in file "ADC_Source_File.c"
 Parameters:    Size  Location     Type
		None
 Auto vars:     Size  Location     Type
		None
 Return value:  Size  Location     Type
                  1    wreg      void 
 Registers used:
		wreg, status,2
 Tracked objects:
		On entry : 
		On exit  : 
		Unchanged: 
 Data sizes:     COMRAM   BANK0   BANK1   BANK2   BANK3   BANK4   BANK5   BANK6   BANK7
      Params:         0       0       0       0       0       0       0       0       0
      Locals:         0       0       0       0       0       0       0       0       0
      Temps:          0       0       0       0       0       0       0       0       0
      Totals:         0       0       0       0       0       0       0       0       0
Total ram usage:        0 bytes
 Hardware stack levels used:    1
 This function calls:
		Nothing
 This function is called by:
		_main
 This function uses a non-reentrant model



MODULE INFORMATION

Module		Function		Class		Link	Load	Size
C:\Program Files (x86)\Microchip\xc8\v1.41\sources\common\lwdiv.c
		___lwdiv       		CODE           	1B84	0000	137

C:\Program Files (x86)\Microchip\xc8\v1.41\sources\common\lwdiv.c estimated size: 137

C:\Program Files (x86)\Microchip\xc8\v1.41\sources\common\fltol.c
		___fltol       		CODE           	1874	0000	339

C:\Program Files (x86)\Microchip\xc8\v1.41\sources\common\fltol.c estimated size: 339

ADC_Source_File.c
		_ADC_Init      		CODE           	1FFE	0000	19

ADC_Source_File.c estimated size: 19

C:\Program Files (x86)\Microchip\xc8\v1.41\sources\common\doprnt.c
		_sprintf       		CODE           	1494	0000	507

C:\Program Files (x86)\Microchip\xc8\v1.41\sources\common\doprnt.c estimated size: 507

USART_Source_File.c
		_USART_TxChar  		CODE           	1F8E	0000	31
		_USART_SendString		CODE           	1F36	0000	57
		_USART_Init    		CODE           	1A60	0000	149

USART_Source_File.c estimated size: 237

C:\Program Files (x86)\Microchip\xc8\v1.41\sources\common\sprcadd.c
		___fladd       		CODE           	083A	0000	1415

C:\Program Files (x86)\Microchip\xc8\v1.41\sources\common\sprcadd.c estimated size: 1415

GPS_Source_File.c
		_main          		CODE           	11DC	0000	697
		_Irrigation_Management		CODE           	1DDE	0000	83

GPS_Source_File.c estimated size: 780

C:\Program Files (x86)\Microchip\xc8\v1.41\sources\common\strcat.c
		_strcat        		CODE           	1C0C	0000	129

C:\Program Files (x86)\Microchip\xc8\v1.41\sources\common\strcat.c estimated size: 129

shared
		_dpowers       		SMALLCONST     	0801	0000	11
		__initialization		CODE           	1FE8	0000	13

shared estimated size: 24

C:\Program Files (x86)\Microchip\xc8\v1.41\sources\common\lwmod.c
		___lwmod       		CODE           	1C8C	0000	121

C:\Program Files (x86)\Microchip\xc8\v1.41\sources\common\lwmod.c estimated size: 121

C:\Program Files (x86)\Microchip\xc8\v1.41\sources\common\strcpy.c
		_strcpy        		CODE           	1E74	0000	67

C:\Program Files (x86)\Microchip\xc8\v1.41\sources\common\strcpy.c estimated size: 67

C:\Program Files (x86)\Microchip\xc8\v1.41\sources\common\memset.c
		_memset        		CODE           	1EB6	0000	65

C:\Program Files (x86)\Microchip\xc8\v1.41\sources\common\memset.c estimated size: 65

LCD_20x4_C_file.c
		_LCD_String    		CODE           	1D78	0000	103
		_LCD_Init      		CODE           	1EF6	0000	65
		_LCD_Command   		CODE           	1FCA	0000	31
		_LCD_String_xy 		CODE           	19C6	0000	155
		_LCD_Char      		CODE           	1FAC	0000	31
		_MSdelay       		CODE           	1D04	0000	117

LCD_20x4_C_file.c estimated size: 502

DHT11_Source_File.c
		_DHT11_Start   		CODE           	1F6E	0000	33
		_DHT11_CheckResponse		CODE           	1E30	0000	69
		_DHT11_ReadData		CODE           	1AF4	0000	145

DHT11_Source_File.c estimated size: 247

C:\Program Files (x86)\Microchip\xc8\v1.41\sources\common\xxtofl.c
		___xxtofl      		CODE           	168E	0000	487

C:\Program Files (x86)\Microchip\xc8\v1.41\sources\common\xxtofl.c estimated size: 487

C:\Program Files (x86)\Microchip\xc8\v1.41\sources\common\sprcdiv.c
		___fldiv       		CODE           	0DC0	0000	1053

C:\Program Files (x86)\Microchip\xc8\v1.41\sources\common\sprcdiv.c estimated size: 1053

